[0;34m[14:13:17][0m Deployment log: /Users/patrickjaritz/CODE/document-intelligence-suite-standalone/.deployment-logs/staging-1763471597.log
[0;34m[14:13:17][0m Starting Google Drive Integration Deployment
[0;34m[14:13:17][0m Target: Staging
[0;34m[14:13:17][0m Validate Only: false
[0;34m[14:13:17][0m Skip Tests: false

[0;34m=== Checking Prerequisites ===[0m
[0;32m✓[0m All required tools installed
[0;32m✓[0m Valid git repository
[0;32m✓[0m All staging environment variables configured

[0;34m=== Validating Code Quality ===[0m
[0;34m[14:13:17][0m Checking TypeScript...
[1;33m⚠[0m TypeScript compilation has warnings (continuing)
[0;32m✓[0m TypeScript check complete
[0;34m[14:13:17][0m Running ESLint...
[1;33m⚠[0m Linting found issues (continuing)
[0;32m✓[0m ESLint check complete

[0;34m=== Running Tests ===[0m
[0;34m[14:13:18][0m Running frontend tests...
[0;32m✓[0m Frontend tests passed
[0;34m[14:13:21][0m Verifying test files...
[0;32m✓[0m Google connector tests found
[0;32m✓[0m Vision RAG integration tests found

[0;34m=== Validating Database Migrations ===[0m
[0;34m[14:13:21][0m Checking migration file...
[0;32m✓[0m Migration file found
[0;32m✓[0m Migration contains required table

[0;34m=== Validating Edge Functions ===[0m
[0;34m[14:13:21][0m Checking google-oauth-start...
[1;33m⚠[0m google-oauth-start: syntax check had warnings (may resolve in Supabase runtime)
[0;32m✓[0m google-oauth-start found and validated
[0;34m[14:13:21][0m Checking google-oauth-callback...
[1;33m⚠[0m google-oauth-callback: syntax check had warnings (may resolve in Supabase runtime)
[0;32m✓[0m google-oauth-callback found and validated
[0;34m[14:13:21][0m Checking google-connector...
[1;33m⚠[0m google-connector: syntax check had warnings (may resolve in Supabase runtime)
[0;32m✓[0m google-connector found and validated
[0;34m[14:13:21][0m Checking vision-rag-query...
[1;33m⚠[0m vision-rag-query: syntax check had warnings (may resolve in Supabase runtime)
[0;32m✓[0m vision-rag-query found and validated

[0;34m=== Validating Frontend Updates ===[0m
[0;34m[14:13:21][0m Checking RAGView.tsx...
[0;32m✓[0m RAGView includes Google integration code
[0;34m[14:13:21][0m Checking GoogleConnect.tsx...
[0;32m✓[0m GoogleConnect component found

[0;34m=== Validating Documentation ===[0m
[0;32m✓[0m GOOGLE_DRIVE_INTEGRATION.md found
[0;32m✓[0m DEPLOYMENT_CHECKLIST_GOOGLE_INTEGRATION.md found
[0;32m✓[0m SESSION_SUMMARY_GOOGLE_INTEGRATION.md found
[0;32m✓[0m QUICK_REFERENCE_GOOGLE_INTEGRATION.md found
[0;32m✓[0m ARCHITECTURE_DIAGRAMS_GOOGLE_INTEGRATION.md found
[0;32m✓[0m MASTER_INDEX_GOOGLE_INTEGRATION.md found

[0;34m=== Checking Git Status ===[0m
[1;33m⚠[0m Uncommitted changes detected:
?? .deployment-logs/staging-1763471572.log
?? .deployment-logs/staging-1763471597.log
[0;31m✗[0m Please commit all changes before deploying
