[0;34m[14:10:53][0m Deployment log: /Users/patrickjaritz/CODE/document-intelligence-suite-standalone/.deployment-logs/staging-1763471453.log
[0;34m[14:10:53][0m Starting Google Drive Integration Deployment
[0;34m[14:10:53][0m Target: Staging
[0;34m[14:10:53][0m Validate Only: false
[0;34m[14:10:53][0m Skip Tests: false

[0;34m=== Checking Prerequisites ===[0m
[0;32m✓[0m All required tools installed
[0;32m✓[0m Valid git repository
[0;32m✓[0m All staging environment variables configured

[0;34m=== Validating Code Quality ===[0m
[0;34m[14:10:53][0m Checking TypeScript...
[1;33m⚠[0m TypeScript compilation has warnings (continuing)
[0;32m✓[0m TypeScript check complete
[0;34m[14:10:53][0m Running ESLint...
[1;33m⚠[0m Linting found issues (continuing)
[0;32m✓[0m ESLint check complete

[0;34m=== Running Tests ===[0m
[0;34m[14:10:54][0m Running frontend tests...
[0;32m✓[0m Frontend tests passed
[0;34m[14:10:56][0m Verifying test files...
[0;32m✓[0m Google connector tests found
[0;32m✓[0m Vision RAG integration tests found

[0;34m=== Validating Database Migrations ===[0m
[0;34m[14:10:56][0m Checking migration file...
[0;32m✓[0m Migration file found
[0;31m✗[0m Migration missing required table definition
